
> client@0.1.0 build
> react-scripts build

Creating an optimized production build...
Compiled successfully.

File sizes after gzip:

  358.03 kB (-7 B)  build\static\js\main.cdc65395.js
  57.55 kB          build\static\css\main.c98054c0.css
  1.76 kB           build\static\js\453.926f0775.chunk.js

The project was built assuming it is hosted at /.
You can control this with the homepage field in your package.json.

The build folder is ready to be deployed.
You may serve it with a static server:

  npm install -g serve
  serve -s build

Find out more about deployment here:

  https://cra.link/deployment

